// Jest Snapshot v1, https://goo.gl/fbAQLP

exports[`LoadingIcon.vue should render correctly 1`] = `<div class="loading loading-lg"></div>`;
